<?xml version="1.0" encoding="utf-8"?><testsuites><testsuite name="pytest" errors="0" failures="0" skipped="0" tests="28" time="9.633" timestamp="2025-05-22T14:34:19.100308+03:00" hostname="Mefoyd-EA"><testcase classname="tests.test_auth" name="test_register_success" file="tests\test_auth.py" line="26" time="0.500" /><testcase classname="tests.test_auth" name="test_register_duplicate_login" file="tests\test_auth.py" line="33" time="0.279" /><testcase classname="tests.test_auth" name="test_register_short_password" file="tests\test_auth.py" line="44" time="0.054" /><testcase classname="tests.test_auth" name="test_login_success" file="tests\test_auth.py" line="51" time="0.531" /><testcase classname="tests.test_auth" name="test_login_wrong_password" file="tests\test_auth.py" line="73" time="0.572" /><testcase classname="tests.test_auth" name="test_login_unexistent_user" file="tests\test_auth.py" line="89" time="0.061" /><testcase classname="tests.test_auth" name="test_get_current_user" file="tests\test_auth.py" line="100" time="0.756" /><testcase classname="tests.test_auth" name="test_refresh_token_success" file="tests\test_auth.py" line="121" time="0.789" /><testcase classname="tests.test_auth" name="test_get_current_user_invalid_token" file="tests\test_auth.py" line="149" time="0.077" /><testcase classname="tests.test_auth" name="test_get_current_user_missing_sub" file="tests\test_auth.py" line="156" time="0.071" /><testcase classname="tests.test_auth" name="test_user_not_found" file="tests\test_auth.py" line="167" time="0.075" /><testcase classname="tests.test_auth" name="test_error_creating_refresh_token" file="tests\test_auth.py" line="176" time="0.707" /><testcase classname="tests.test_auth" name="test_refresh_token_not_found" file="tests\test_auth.py" line="303" time="0.770" /><testcase classname="tests.test_auth" name="test_token_lifetime" file="tests\test_auth.py" line="212" time="0.717" /><testcase classname="tests.test_auth" name="test_error_refresh_token" file="tests\test_auth.py" line="259" time="0.653" /><testcase classname="tests.test_auth" name="test_logout_user" file="tests\test_auth.py" line="280" time="0.613" /><testcase classname="tests.test_base_routes" name="test_home_page" file="tests\test_base_routes.py" line="0" time="0.059" /><testcase classname="tests.test_base_routes" name="test_test_page" file="tests\test_base_routes.py" line="6" time="0.064" /><testcase classname="tests.test_base_routes" name="test_get_session" file="tests\test_base_routes.py" line="12" time="0.077" /><testcase classname="tests.test_config" name="test_config" file="tests\test_config.py" line="2" time="0.001" /><testcase classname="tests.test_db" name="test_connection_db" file="tests\test_db.py" line="7" time="0.057" /><testcase classname="tests.test_db" name="test_create_user" file="tests\test_db.py" line="26" time="0.061" /><testcase classname="tests.test_schemas" name="test_user_create_valid" file="tests\test_schemas.py" line="5" time="0.044" /><testcase classname="tests.test_security" name="test_verify_password_success" file="tests\test_security.py" line="22" time="0.602" /><testcase classname="tests.test_security" name="test_verify_password_failure" file="tests\test_security.py" line="27" time="0.582" /><testcase classname="tests.test_security" name="test_verify_password_empty" file="tests\test_security.py" line="32" time="0.558" /><testcase classname="tests.test_security" name="test_create_access_token" file="tests\test_security.py" line="37" time="0.001" /><testcase classname="tests.test_security" name="test_token_expiration" file="tests\test_security.py" line="51" time="0.001" /></testsuite></testsuites>